#
# There is insufficient memory for the Java Runtime Environment to continue.
# Native memory allocation (mmap) failed to map 134217728 bytes for G1 virtual space
# Possible reasons:
#   The system is out of physical RAM or swap space
#   The process is running with CompressedOops enabled, and the Java Heap may be blocking the growth of the native heap
# Possible solutions:
#   Reduce memory load on the system
#   Increase physical memory or swap space
#   Check if swap backing store is full
#   Decrease Java heap size (-Xmx/-Xms)
#   Decrease number of Java threads
#   Decrease Java thread stack sizes (-Xss)
#   Set larger code cache with -XX:ReservedCodeCacheSize=
#   JVM is running with Unscaled Compressed Oops mode in which the Java heap is
#     placed in the first 4GB address space. The Java Heap base address is the
#     maximum limit for the native heap growth. Please use -XX:HeapBaseMinAddress
#     to set the Java Heap base and to place the Java Heap above 4GB virtual address.
# This output file may be truncated or incomplete.
#
#  Out of Memory Error (os_windows.cpp:3600), pid=21168, tid=21120
#
# JRE version:  (21.0.2+13) (build )
# Java VM: Java HotSpot(TM) 64-Bit Server VM (21.0.2+13-LTS-58, mixed mode, sharing, tiered, compressed oops, compressed class ptrs, g1 gc, windows-amd64)
# No core dump will be written. Minidumps are not enabled by default on client versions of Windows
#

---------------  S U M M A R Y ------------

Command Line: -XX:+ShowCodeDetailsInExceptionMessages gui.MainGUI

Host: Intel(R) Core(TM) i5-5200U CPU @ 2.20GHz, 4 cores, 7G,  Windows 10 , 64 bit Build 19041 (10.0.19041.5915)
Time: Fri May 22 04:28:12 2026 SE Asia Standard Time elapsed time: 0.086920 seconds (0d 0h 0m 0s)

---------------  T H R E A D  ---------------

Current thread (0x0000020152ee1920):  JavaThread "Unknown thread" [_thread_in_vm, id=21120, stack(0x000000dbd6700000,0x000000dbd6800000) (1024K)]

Stack: [0x000000dbd6700000,0x000000dbd6800000]
Native frames: (J=compiled Java code, j=interpreted, Vv=VM code, C=native code)
V  [jvm.dll+0x6cade9]
V  [jvm.dll+0x8569c1]
V  [jvm.dll+0x858d2e]
V  [jvm.dll+0x859413]
V  [jvm.dll+0x280e56]
V  [jvm.dll+0x6c74d5]
V  [jvm.dll+0x6bbeca]
V  [jvm.dll+0x355bca]
V  [jvm.dll+0x35d816]
V  [jvm.dll+0x3ae67e]
V  [jvm.dll+0x3ae928]
V  [jvm.dll+0x3295dc]
V  [jvm.dll+0x32a16b]
V  [jvm.dll+0x81efa9]
V  [jvm.dll+0x3bba01]
V  [jvm.dll+0x807928]
V  [jvm.dll+0x44f50e]
V  [jvm.dll+0x450e11]
C  [jli.dll+0x52a3]
C  [ucrtbase.dll+0x21bb2]
C  [KERNEL32.DLL+0x17374]
C  [ntdll.dll+0x4cc91]


---------------  P R O C E S S  ---------------

Threads class SMR info:
_java_thread_list=0x00007ff826c6bb88, length=0, elements={
}

Java Threads: ( => current thread )
Total: 0

Other Threads:
  0x0000020152f30ab0 WorkerThread "GC Thread#0"                     [id=12952, stack(0x000000dbd6800000,0x000000dbd6900000) (1024K)]
  0x0000020152f41570 ConcurrentGCThread "G1 Main Marker"            [id=1896, stack(0x000000dbd6900000,0x000000dbd6a00000) (1024K)]
  0x0000020152f420c0 WorkerThread "G1 Conc#0"                       [id=11656, stack(0x000000dbd6a00000,0x000000dbd6b00000) (1024K)]

[error occurred during error reporting (printing all threads), id 0xc0000005, EXCEPTION_ACCESS_VIOLATION (0xc0000005) at pc=0x00007ff8263dc6a7]
VM state: not at safepoint (not fully initialized)

VM Mutex/Monitor currently owned by a thread:  ([mutex/lock_event])
[0x00007ff826cdce68] Heap_lock - owner thread: 0x0000020152ee1920

Heap address: 0x0000000081e00000, size: 2018 MB, Compressed Oops mode: 32-bit

CDS archive(s) mapped at: [0x0000000000000000-0x0000000000000000-0x0000000000000000), size 0, SharedBaseAddress: 0x0000000800000000, ArchiveRelocationMode: 1.
Narrow klass base: 0x0000000000000000, Narrow klass shift: 0, Narrow klass range: 0x0

GC Precious Log:
 CardTable entry size: 512
 Card Set container configuration: InlinePtr #cards 5 size 8 Array Of Cards #cards 12 size 40 Howl #buckets 4 coarsen threshold 1843 Howl Bitmap #cards 512 size 80 coarsen threshold 460 Card regions per heap region 1 cards per card region 2048

Heap:
 garbage-first heap   total 0K, used 0K [0x0000000081e00000, 0x0000000100000000)
  region size 1024K, 0 young (0K), 0 survivors (0K)

[error occurred during error reporting (printing heap information), id 0xc0000005, EXCEPTION_ACCESS_VIOLATION (0xc0000005) at pc=0x00007ff8267c39f9]
GC Heap History (0 events):
No events

Dll operation events (1 events):
Event: 0.022 Loaded shared library D:\Program Files\java21\bin\java.dll

Deoptimization events (0 events):
No events

Classes loaded (0 events):
No events

Classes unloaded (0 events):
No events

Classes redefined (0 events):
No events

Internal exceptions (0 events):
No events

ZGC Phase Switch (0 events):
No events

VM Operations (0 events):
No events

Events (0 events):
No events


Dynamic libraries:
0x00007ff692f50000 - 0x00007ff692f60000 	D:\Program Files\java21\bin\java.exe
0x00007ff945b50000 - 0x00007ff945d48000 	C:\WINDOWS\SYSTEM32\ntdll.dll
0x00007ff943df0000 - 0x00007ff943eb2000 	C:\WINDOWS\System32\KERNEL32.DLL
0x00007ff943280000 - 0x00007ff943576000 	C:\WINDOWS\System32\KERNELBASE.dll
0x00007ff943a70000 - 0x00007ff943b70000 	C:\WINDOWS\System32\ucrtbase.dll
0x00007ff91afc0000 - 0x00007ff91afd9000 	D:\Program Files\java21\bin\jli.dll
0x00007ff944560000 - 0x00007ff944611000 	C:\WINDOWS\System32\ADVAPI32.dll
0x00007ff9457a0000 - 0x00007ff94583e000 	C:\WINDOWS\System32\msvcrt.dll
0x00007ff9444c0000 - 0x00007ff94455f000 	C:\WINDOWS\System32\sechost.dll
0x00007ff913e30000 - 0x00007ff913e4b000 	D:\Program Files\java21\bin\VCRUNTIME140.dll
0x00007ff943b70000 - 0x00007ff943c90000 	C:\WINDOWS\System32\RPCRT4.dll
0x00007ff943580000 - 0x00007ff9435a7000 	C:\WINDOWS\System32\bcrypt.dll
0x00007ff945840000 - 0x00007ff9459e1000 	C:\WINDOWS\System32\USER32.dll
0x00007ff9438e0000 - 0x00007ff943902000 	C:\WINDOWS\System32\win32u.dll
0x00007ff945770000 - 0x00007ff94579b000 	C:\WINDOWS\System32\GDI32.dll
0x00007ff9435b0000 - 0x00007ff9436c9000 	C:\WINDOWS\System32\gdi32full.dll
0x00007ff9431e0000 - 0x00007ff94327d000 	C:\WINDOWS\System32\msvcp_win.dll
0x00007ff9340e0000 - 0x00007ff93437b000 	C:\WINDOWS\WinSxS\amd64_microsoft.windows.common-controls_6595b64144ccf1df_6.0.19041.6456_none_60b8a6cb71f64256\COMCTL32.dll
0x00007ff942cd0000 - 0x00007ff942cda000 	C:\WINDOWS\SYSTEM32\VERSION.dll
0x00007ff943dc0000 - 0x00007ff943def000 	C:\WINDOWS\System32\IMM32.DLL
0x0000000056020000 - 0x000000005602d000 	C:\Program Files (x86)\360\Total Security\safemon\SafeWrapper.dll
0x00007ff93c6c0000 - 0x00007ff93c7c5000 	C:\Program Files (x86)\360\Total Security\safemon\libzdtp64.dll
0x00007ff945000000 - 0x00007ff945770000 	C:\WINDOWS\System32\SHELL32.dll
0x00007ff943d60000 - 0x00007ff943dbb000 	C:\WINDOWS\System32\SHLWAPI.dll
0x00007ff93f830000 - 0x00007ff93f83c000 	D:\Program Files\java21\bin\vcruntime140_1.dll
0x00007ff90f9d0000 - 0x00007ff90fa5e000 	D:\Program Files\java21\bin\msvcp140.dll
0x00007ff8260a0000 - 0x00007ff826db7000 	D:\Program Files\java21\bin\server\jvm.dll
0x00007ff944770000 - 0x00007ff9447db000 	C:\WINDOWS\System32\WS2_32.dll
0x00007ff935430000 - 0x00007ff935457000 	C:\WINDOWS\SYSTEM32\WINMM.dll
0x00007ff942f40000 - 0x00007ff942f8b000 	C:\WINDOWS\SYSTEM32\POWRPROF.dll
0x00007ff942f20000 - 0x00007ff942f32000 	C:\WINDOWS\SYSTEM32\UMPDC.dll
0x00007ff941010000 - 0x00007ff941022000 	C:\WINDOWS\SYSTEM32\kernel.appcore.dll
0x00007ff93dbf0000 - 0x00007ff93dbfa000 	D:\Program Files\java21\bin\jimage.dll
0x00007ff9315e0000 - 0x00007ff9317e1000 	C:\WINDOWS\SYSTEM32\DBGHELP.DLL
0x00007ff921750000 - 0x00007ff921784000 	C:\WINDOWS\SYSTEM32\dbgcore.DLL
0x00007ff943720000 - 0x00007ff9437a2000 	C:\WINDOWS\System32\bcryptPrimitives.dll
0x00007ff9111a0000 - 0x00007ff9111bf000 	D:\Program Files\java21\bin\java.dll

dbghelp: loaded successfully - version: 4.0.5 - missing functions: none
symbol engine: initialized successfully - sym options: 0x614 - pdb path: .;D:\Program Files\java21\bin;C:\WINDOWS\SYSTEM32;C:\WINDOWS\WinSxS\amd64_microsoft.windows.common-controls_6595b64144ccf1df_6.0.19041.6456_none_60b8a6cb71f64256;C:\Program Files (x86)\360\Total Security\safemon;D:\Program Files\java21\bin\server

VM Arguments:
jvm_args: -XX:+ShowCodeDetailsInExceptionMessages 
java_command: gui.MainGUI
java_class_path (initial): C:\Users\Admin\AppData\Roaming\Code\User\workspaceStorage\60d7bd2a46901506e03383386e0b0fd5\redhat.java\jdt_ws\QLK_JOLLIBEE_eed1a08a\bin;d:\Project_Code\java-data\QLK_JOLLIBEE\lib\mssql-jdbc-13.4.0.jre11.jar
Launcher Type: SUN_STANDARD

[Global flags]
     intx CICompilerCount                          = 3                                         {product} {ergonomic}
     uint ConcGCThreads                            = 1                                         {product} {ergonomic}
     uint G1ConcRefinementThreads                  = 4                                         {product} {ergonomic}
   size_t G1HeapRegionSize                         = 1048576                                   {product} {ergonomic}
    uintx GCDrainStackTargetSize                   = 64                                        {product} {ergonomic}
   size_t InitialHeapSize                          = 134217728                                 {product} {ergonomic}
   size_t MarkStackSize                            = 4194304                                   {product} {ergonomic}
   size_t MaxHeapSize                              = 2116026368                                {product} {ergonomic}
   size_t MinHeapDeltaBytes                        = 1048576                                   {product} {ergonomic}
   size_t MinHeapSize                              = 8388608                                   {product} {ergonomic}
    uintx NonNMethodCodeHeapSize                   = 5832780                                {pd product} {ergonomic}
    uintx NonProfiledCodeHeapSize                  = 122912730                              {pd product} {ergonomic}
    uintx ProfiledCodeHeapSize                     = 122912730                              {pd product} {ergonomic}
    uintx ReservedCodeCacheSize                    = 251658240                              {pd product} {ergonomic}
     bool SegmentedCodeCache                       = true                                      {product} {ergonomic}
     bool ShowCodeDetailsInExceptionMessages       = true                                   {manageable} {command line}
   size_t SoftMaxHeapSize                          = 2116026368                             {manageable} {ergonomic}
     bool UseCompressedOops                        = true                           {product lp64_product} {ergonomic}
     bool UseG1GC                                  = true                                      {product} {ergonomic}
     bool UseLargePagesIndividualAllocation        = false                                  {pd product} {ergonomic}

Logging:
Log output configuration:
 #0: stdout all=warning uptime,level,tags foldmultilines=false
 #1: stderr all=off uptime,level,tags foldmultilines=false

Environment Variables:
JAVA_HOME=C:\Users\Admin\AppData\Roaming\Code\User\globalStorage\pleiades.java-extension-pack-jdk\java\25
PATH=C:\Users\Admin\AppData\Roaming\Code\User\globalStorage\pleiades.java-extension-pack-jdk\gradle\latest\bin;C:\Users\Admin\AppData\Roaming\Code\User\globalStorage\pleiades.java-extension-pack-jdk\maven\latest\bin;C:\Users\Admin\AppData\Roaming\Code\User\globalStorage\pleiades.java-extension-pack-jdk\java\25\bin;C:\Users\Admin\AppData\Local\Programs\Microsoft VS Code;D:\Program Files\java21\bin;C:\WINDOWS\system32;C:\WINDOWS;C:\WINDOWS\System32\Wbem;C:\WINDOWS\System32\WindowsPowerShell\v1.0\;C:\WINDOWS\System32\OpenSSH\;C:\Program Files (x86)\Microsoft SQL Server\160\Tools\Binn\;C:\Program Files\Microsoft SQL Server\160\Tools\Binn\;C:\Program Files\Microsoft SQL Server\Client SDK\ODBC\170\Tools\Binn\;C:\Program Files\Microsoft SQL Server\160\DTS\Binn\;C:\Program Files\Docker\Docker\resources\bin;D:\Program Files\java21\bin;C:\Program Files\Git\cmd;C:\Program Files (x86)\Microsoft SQL Server\170\Tools\Binn\;C:\Program Files\Microsoft SQL Server\170\Tools\Binn\;C:\Program Files\Microsoft SQL Server\Client SDK\ODBC\180\Tools\Binn\;C:\Program Files\Microsoft SQL Server\170\DTS\Binn\;C:\Users\Admin\AppData\Local\Microsoft\WindowsApps;C:\Users\Admin\AppData\Local\Programs\Microsoft VS Code\bin;c:\Users\Admin\.vscode\extensions\vscjava.vscode-java-debug-0.59.0\bundled\scripts\noConfigScripts
USERNAME=Admin
LANG=en_US.UTF-8
OS=Windows_NT
PROCESSOR_IDENTIFIER=Intel64 Family 6 Model 61 Stepping 4, GenuineIntel
TMP=C:\Users\Admin\AppData\Local\Temp
TEMP=C:\Users\Admin\AppData\Local\Temp




Periodic native trim disabled

---------------  S Y S T E M  ---------------

OS:
 Windows 10 , 64 bit Build 19041 (10.0.19041.5915)
OS uptime: 0 days 8:22 hours

CPU: total 4 (initial active 4) (2 cores per cpu, 2 threads per core) family 6 model 61 stepping 4 microcode 0x2d, cx8, cmov, fxsr, ht, mmx, 3dnowpref, sse, sse2, sse3, ssse3, sse4.1, sse4.2, popcnt, lzcnt, tsc, tscinvbit, avx, avx2, aes, erms, clmul, bmi1, bmi2, adx, fma, vzeroupper, clflush, rdtscp, f16c
Processor Information for all 4 processors :
  Max Mhz: 2201, Current Mhz: 2201, Mhz Limit: 2201

Memory: 4k page, system-wide physical 8067M (539M free)
TotalPageFile size 12513M (AvailPageFile size 65M)
current process WorkingSet (physical memory assigned to process): 11M, peak: 11M
current process commit charge ("private bytes"): 52M, peak: 180M

vm_info: Java HotSpot(TM) 64-Bit Server VM (21.0.2+13-LTS-58) for windows-amd64 JRE (21.0.2+13-LTS-58), built on 2024-01-05T18:32:24Z by "mach5one" with MS VC++ 17.1 (VS2022)

END.
